
Testing rheos.backend.domain.relationships-test

FAIL in (unicode-whitespace-has-one-portable-meaning) (relationships_test.cljc:79)
expected: (not (relationship-law/reference? blank))
  actual: (not (not true))

FAIL in (unicode-whitespace-has-one-portable-meaning) (relationships_test.cljc:80)
expected: (= {:ok? true, :value {}} (relationships/normalize {:parent blank}))
  actual: (not (= {:ok? true, :value {}} {:ok? true, :value {:parent ""}}))

FAIL in (unicode-whitespace-has-one-portable-meaning) (relationships_test.cljc:81)
expected: (= #{:malformed-uuid} (kinds (relationships/inspect-graph [{:uuid blank}])))
  actual: (not (= #{:malformed-uuid} #{}))

FAIL in (unicode-whitespace-has-one-portable-meaning) (relationships_test.cljc:79)
expected: (not (relationship-law/reference? blank))
  actual: (not (not true))

FAIL in (unicode-whitespace-has-one-portable-meaning) (relationships_test.cljc:80)
expected: (= {:ok? true, :value {}} (relationships/normalize {:parent blank}))
  actual: (not (= {:ok? true, :value {}} {:ok? true, :value {:parent " "}}))

FAIL in (unicode-whitespace-has-one-portable-meaning) (relationships_test.cljc:81)
expected: (= #{:malformed-uuid} (kinds (relationships/inspect-graph [{:uuid blank}])))
  actual: (not (= #{:malformed-uuid} #{}))

FAIL in (unicode-whitespace-has-one-portable-meaning) (relationships_test.cljc:79)
expected: (not (relationship-law/reference? blank))
  actual: (not (not true))

FAIL in (unicode-whitespace-has-one-portable-meaning) (relationships_test.cljc:80)
expected: (= {:ok? true, :value {}} (relationships/normalize {:parent blank}))
  actual: (not (= {:ok? true, :value {}} {:ok? true, :value {:parent " "}}))

FAIL in (unicode-whitespace-has-one-portable-meaning) (relationships_test.cljc:81)
expected: (= #{:malformed-uuid} (kinds (relationships/inspect-graph [{:uuid blank}])))
  actual: (not (= #{:malformed-uuid} #{}))

FAIL in (unicode-whitespace-has-one-portable-meaning) (relationships_test.cljc:79)
expected: (not (relationship-law/reference? blank))
  actual: (not (not true))

FAIL in (unicode-whitespace-has-one-portable-meaning) (relationships_test.cljc:80)
expected: (= {:ok? true, :value {}} (relationships/normalize {:parent blank}))
  actual: (not (= {:ok? true, :value {}} {:ok? true, :value {:parent "﻿"}}))

FAIL in (unicode-whitespace-has-one-portable-meaning) (relationships_test.cljc:81)
expected: (= #{:malformed-uuid} (kinds (relationships/inspect-graph [{:uuid blank}])))
  actual: (not (= #{:malformed-uuid} #{}))

FAIL in (unicode-whitespace-has-one-portable-meaning) (relationships_test.cljc:84)
expected: (= {:dependency ["a" "b"]} (:value result))
  actual: (not (= {:dependency ["a" "b"]} {:dependency [" b " " a "]}))

Testing rheos.backend.shape.relationships-test

Ran 23 tests containing 497 assertions.
13 failures, 0 errors.
